// Jest Snapshot v1, https://goo.gl/fbAQLP

exports[`the navbar it renders the navbar component 1`] = `
Object {
  "asFragment": [Function],
  "baseElement": <body>
    <div>
      <div>
        <div
          class="logoDiv"
        >
          <img
            class="logoImage"
            src="logo192.png"
          />
          <a
            class="logoLink"
            href="#"
          >
            <p
              class="logoTitle"
            >
              DripGame
            </p>
          </a>
        </div>
        <nav
          class="navbar"
        >
          <ul
            class="navbar-links"
          >
            <li>
              <a
                aria-current="page"
                class="active"
                href="/"
              >
                Home
              </a>
            </li>
            <li>
              <a
                class=""
                href="/about"
              >
                About
              </a>
            </li>
            <li>
              <a
                class=""
                href="/contribute"
              >
                Contribute
              </a>
            </li>
            <li>
              <a
                class=""
                href="/artwork"
              >
                Artwork
              </a>
            </li>
            <li>
              <a
                class=""
                href="/admin"
              >
                Admin
              </a>
            </li>
          </ul>
        </nav>
      </div>
    </div>
  </body>,
  "container": <div>
    <div>
      <div
        class="logoDiv"
      >
        <img
          class="logoImage"
          src="logo192.png"
        />
        <a
          class="logoLink"
          href="#"
        >
          <p
            class="logoTitle"
          >
            DripGame
          </p>
        </a>
      </div>
      <nav
        class="navbar"
      >
        <ul
          class="navbar-links"
        >
          <li>
            <a
              aria-current="page"
              class="active"
              href="/"
            >
              Home
            </a>
          </li>
          <li>
            <a
              class=""
              href="/about"
            >
              About
            </a>
          </li>
          <li>
            <a
              class=""
              href="/contribute"
            >
              Contribute
            </a>
          </li>
          <li>
            <a
              class=""
              href="/artwork"
            >
              Artwork
            </a>
          </li>
          <li>
            <a
              class=""
              href="/admin"
            >
              Admin
            </a>
          </li>
        </ul>
      </nav>
    </div>
  </div>,
  "debug": [Function],
  "findAllByAltText": [Function],
  "findAllByDisplayValue": [Function],
  "findAllByLabelText": [Function],
  "findAllByPlaceholderText": [Function],
  "findAllByRole": [Function],
  "findAllByTestId": [Function],
  "findAllByText": [Function],
  "findAllByTitle": [Function],
  "findByAltText": [Function],
  "findByDisplayValue": [Function],
  "findByLabelText": [Function],
  "findByPlaceholderText": [Function],
  "findByRole": [Function],
  "findByTestId": [Function],
  "findByText": [Function],
  "findByTitle": [Function],
  "getAllByAltText": [Function],
  "getAllByDisplayValue": [Function],
  "getAllByLabelText": [Function],
  "getAllByPlaceholderText": [Function],
  "getAllByRole": [Function],
  "getAllByTestId": [Function],
  "getAllByText": [Function],
  "getAllByTitle": [Function],
  "getByAltText": [Function],
  "getByDisplayValue": [Function],
  "getByLabelText": [Function],
  "getByPlaceholderText": [Function],
  "getByRole": [Function],
  "getByTestId": [Function],
  "getByText": [Function],
  "getByTitle": [Function],
  "queryAllByAltText": [Function],
  "queryAllByDisplayValue": [Function],
  "queryAllByLabelText": [Function],
  "queryAllByPlaceholderText": [Function],
  "queryAllByRole": [Function],
  "queryAllByTestId": [Function],
  "queryAllByText": [Function],
  "queryAllByTitle": [Function],
  "queryByAltText": [Function],
  "queryByDisplayValue": [Function],
  "queryByLabelText": [Function],
  "queryByPlaceholderText": [Function],
  "queryByRole": [Function],
  "queryByTestId": [Function],
  "queryByText": [Function],
  "queryByTitle": [Function],
  "rerender": [Function],
  "unmount": [Function],
}
`;
